// Jest Snapshot v1, https://goo.gl/fbAQLP

exports[`RotateDocument component Should render without crashing 1`] = `
<div
  style={
    Object {
      "display": "inline-block",
    }
  }
>
  <WithStyles(IconButton)
    onClick={[Function]}
    style={
      Object {
        "border": "2px solid",
        "borderRadius": "5px",
      }
    }
    title="rotateDocumentLeft"
  >
    <pure(RotateLeftIcon) />
  </WithStyles(IconButton)>
  <WithStyles(IconButton)
    onClick={[Function]}
    title="rotateDocumentRight"
  >
    <pure(RotateRightIcon)
      style={
        Object {
          "border": "2px solid",
          "borderRadius": "5px",
        }
      }
    />
  </WithStyles(IconButton)>
</div>
`;
